19:08:30 **** Incremental Build of configuration Debug for project RPM ****
make -j4 all 
arm-none-eabi-gcc "../Core/Aplicaciones/app_Frecuencia.c" -mcpu=cortex-m4 -std=gnu11 -g3 -DUSE_HAL_DRIVER -DSTM32L412xx -DDEBUG -c -I../Drivers/CMSIS/Include -I../Core/Inc -I../Drivers/CMSIS/Device/ST/STM32L4xx/Include -I../Drivers/STM32L4xx_HAL_Driver/Inc -I../Drivers/STM32L4xx_HAL_Driver/Inc/Legacy -O0 -ffunction-sections -fdata-sections -Wall -fstack-usage -MMD -MP -MF"Core/Aplicaciones/app_Frecuencia.d" -MT"Core/Aplicaciones/app_Frecuencia.o" --specs=nano.specs -mfpu=fpv4-sp-d16 -mfloat-abi=hard -mthumb -o "Core/Aplicaciones/app_Frecuencia.o"
../Core/Aplicaciones/app_Frecuencia.c: In function 'app_Tacometro':
../Core/Aplicaciones/app_Frecuencia.c:51:17: warning: implicit declaration of function 'app_Debounce' [-Wimplicit-function-declaration]
  boton_evento = app_Debounce();
                 ^~~~~~~~~~~~
../Core/Aplicaciones/app_Frecuencia.c:56:4: warning: implicit declaration of function 'app_Despliegue' [-Wimplicit-function-declaration]
    app_Despliegue(0);
    ^~~~~~~~~~~~~~
arm-none-eabi-gcc -o "RPM.elf" @"objects.list"   -mcpu=cortex-m4 -T"D:\Documentos\STM32_Workspace\Lector_RPM\RPM\STM32L412RBTXP_FLASH.ld" --specs=nosys.specs -Wl,-Map="RPM.map" -Wl,--gc-sections -static --specs=nano.specs -mfpu=fpv4-sp-d16 -mfloat-abi=hard -mthumb -Wl,--start-group -lc -lm -Wl,--end-group
Finished building target: RPM.elf
 
arm-none-eabi-objdump -h -S  RPM.elf  > "RPM.list"
arm-none-eabi-objcopy  -O binary  RPM.elf  "RPM.bin"
arm-none-eabi-size   RPM.elf 
   text	   data	    bss	    dec	    hex	filename
  17192	     20	   1884	  19096	   4a98	RPM.elf
Finished building: default.size.stdout
 
Finished building: RPM.bin
 
Finished building: RPM.list
 
19:08:39 **** Incremental Build of configuration Debug for project RPM ****
make -j4 all 
arm-none-eabi-size   RPM.elf 
   text	   data	    bss	    dec	    hex	filename
  17192	     20	   1884	  19096	   4a98	RPM.elf
Finished building: default.size.stdout
 
